
> requirement-management-system@0.0.0 build
> vite build

[36mvite v5.4.19 [32mbuilding for production...[36m[39m
transforming...
[32m鉁?[39m 2688 modules transformed.
rendering chunks...
computing gzip size...
[2mdist/[22m[32mindex.html                 [39m[1m[2m    0.79 kB[22m[1m[22m[2m 鈹?gzip:   0.48 kB[22m
[2mdist/[22m[35massets/index-DKvqLO7X.css  [39m[1m[2m   70.93 kB[22m[1m[22m[2m 鈹?gzip:  12.23 kB[22m
[2mdist/[22m[36massets/index-CUYMLQDR.js   [39m[1m[33m1,058.00 kB[39m[22m[2m 鈹?gzip: 281.96 kB[22m
npm : [33m
所在位置 行:1 字符: 35
+ ...  requirement-management-system; npm run build > build-output.txt 2>&1
+                                     ~~~~~~~~~~~~~~~~~~~~~~~~~~~~~~~~~~~~~
    + CategoryInfo          : NotSpecified: ([33m:String) [], RemoteException
    + FullyQualifiedErrorId : NativeCommandError
 
(!) Some chunks are larger than 500 kB after minification. Consider:
- Using dynamic import() to code-split the application
- Use build.rollupOptions.output.manualChunks to improve chunking: https://rollupjs.org/configuration-options/#output-manualchunks
- Adjust chunk size limit for this warning via build.chunkSizeWarningLimit.[39m
[32m鉁?built in 6.49s[39m
